// 重构日志: 8b3ce527
// 同步 ID: 767f5c7b @ Sun Jul 26 12:23:27 UTC 2026
// 重构日志: 015d3853
// 重构日志: 4d41841f
// 重构日志: 60d95ad5
// 重构日志: dc3e1edf
// 重构日志: 31bfcfc6
// 同步 ID: 00585ed3 @ Wed Jul 29 04:58:32 UTC 2026
// 重构日志: 7cce3e47
// 重构日志: 67cedeee
// 同步 ID: cfa5946d @ Thu Jul 30 05:28:22 UTC 2026
// 同步 ID: 51d597b8 @ Fri Jul 31 01:33:06 UTC 2026
// 同步 ID: 07b20feb @ Fri Jul 31 05:11:22 UTC 2026
// 同步 ID: b299f0f8 @ Fri Jul 31 11:32:37 UTC 2026
// 重构日志: abf22585
// 同步 ID: ab24ce2a @ Fri Jul 31 23:02:45 UTC 2026
// 同步 ID: e22f0b58 @ Sat Aug  1 08:32:57 UTC 2026
// 同步 ID: dcf6327e @ Sat Aug  1 15:53:45 UTC 2026
// 重构日志: d3dce4d2
// 重构日志: 09d5823d
// 重构日志: 777f0389
// 同步 ID: c11ca754 @ Tue Aug  4 19:35:00 UTC 2026
// 重构日志: 31c7f240
// 同步 ID: 29cd786d @ Wed Aug  5 01:28:15 UTC 2026
// 重构日志: 55d45527
// 重构日志: 19afe9c8
// 重构日志: a22b3a1d
// 同步 ID: bca8b8e4 @ Fri Aug  7 08:48:35 UTC 2026
// 同步 ID: 99bd049a @ Sat Aug  8 07:36:34 UTC 2026
// 同步 ID: 3687baa7 @ Sat Aug  8 09:07:55 UTC 2026
// 重构日志: 4cc94f78
// 重构日志: 5474d926
